[11-Mar-2026 11:06:44 Asia/Kuala_Lumpur] PHP Notice:  Undefined index: username in E:\Apache24\htdocs\iQims\pages\session-login.php on line 4
[11-Mar-2026 11:06:44 Asia/Kuala_Lumpur] PHP Notice:  Undefined index: user_role in E:\Apache24\htdocs\iQims\pages\session-login.php on line 5
[11-Mar-2026 11:06:44 Asia/Kuala_Lumpur] PHP Notice:  Undefined index: user_comp in E:\Apache24\htdocs\iQims\pages\session-login.php on line 6
[11-Mar-2026 11:06:44 Asia/Kuala_Lumpur] PHP Notice:  Undefined index: user_plant in E:\Apache24\htdocs\iQims\pages\session-login.php on line 7
[11-Mar-2026 11:06:44 Asia/Kuala_Lumpur] PHP Notice:  Undefined index: force_password_change in E:\Apache24\htdocs\iQims\pages\session-login.php on line 8
[11-Mar-2026 11:06:51 Asia/Kuala_Lumpur] PHP Notice:  Undefined index: username in E:\Apache24\htdocs\iQims\pages\session-login.php on line 4
[11-Mar-2026 11:06:51 Asia/Kuala_Lumpur] PHP Notice:  Undefined index: user_role in E:\Apache24\htdocs\iQims\pages\session-login.php on line 5
[11-Mar-2026 11:06:51 Asia/Kuala_Lumpur] PHP Notice:  Undefined index: user_comp in E:\Apache24\htdocs\iQims\pages\session-login.php on line 6
[11-Mar-2026 11:06:51 Asia/Kuala_Lumpur] PHP Notice:  Undefined index: user_plant in E:\Apache24\htdocs\iQims\pages\session-login.php on line 7
[11-Mar-2026 11:06:51 Asia/Kuala_Lumpur] PHP Notice:  Undefined index: force_password_change in E:\Apache24\htdocs\iQims\pages\session-login.php on line 8
[11-Mar-2026 14:56:20 Asia/Kuala_Lumpur] PHP Notice:  Undefined index: username in E:\Apache24\htdocs\iQims\pages\session-login.php on line 4
[11-Mar-2026 14:56:20 Asia/Kuala_Lumpur] PHP Notice:  Undefined index: user_role in E:\Apache24\htdocs\iQims\pages\session-login.php on line 5
[11-Mar-2026 14:56:20 Asia/Kuala_Lumpur] PHP Notice:  Undefined index: user_comp in E:\Apache24\htdocs\iQims\pages\session-login.php on line 6
[11-Mar-2026 14:56:20 Asia/Kuala_Lumpur] PHP Notice:  Undefined index: user_plant in E:\Apache24\htdocs\iQims\pages\session-login.php on line 7
[11-Mar-2026 14:56:20 Asia/Kuala_Lumpur] PHP Notice:  Undefined index: force_password_change in E:\Apache24\htdocs\iQims\pages\session-login.php on line 8
[11-Mar-2026 14:56:20 Asia/Kuala_Lumpur] PHP Notice:  Undefined index: username in E:\Apache24\htdocs\iQims\pages\session-login.php on line 4
[11-Mar-2026 14:56:20 Asia/Kuala_Lumpur] PHP Notice:  Undefined index: user_role in E:\Apache24\htdocs\iQims\pages\session-login.php on line 5
[11-Mar-2026 14:56:20 Asia/Kuala_Lumpur] PHP Notice:  Undefined index: user_comp in E:\Apache24\htdocs\iQims\pages\session-login.php on line 6
[11-Mar-2026 14:56:20 Asia/Kuala_Lumpur] PHP Notice:  Undefined index: user_plant in E:\Apache24\htdocs\iQims\pages\session-login.php on line 7
[11-Mar-2026 14:56:20 Asia/Kuala_Lumpur] PHP Notice:  Undefined index: force_password_change in E:\Apache24\htdocs\iQims\pages\session-login.php on line 8
